Training unet from scratch...
nitrs: 0 num_iter_tr: 143
nsamples: 0 tot_num_samples: 2303
epoch: 0 ii: 49 trainloss: 0.79 timecost:12.48 secs
epoch: 0 ii: 99 trainloss: 0.78 timecost:22.07 secs
epoch: 0 meanloss: 0.77
Validation:
epoch: 0, numImages: 576 testloss: 0.77 mmae: 0.6619 fbeta: 0.0360 iou: 0.1526
Save model at /workspace/amy/repos/TRFE-Net-for-thyroid-nodule-segmentation/run/unet/fold3/unet_best.pth

epoch: 1 ii: 6 trainloss: 0.75 timecost:51.89 secs
epoch: 1 ii: 56 trainloss: 0.77 timecost:60.37 secs
epoch: 1 ii: 106 trainloss: 0.74 timecost:69.05 secs
epoch: 1 meanloss: 0.75
Validation:
epoch: 1, numImages: 576 testloss: 0.76 mmae: 0.4897 fbeta: 0.4456 iou: 0.1544
Save model at /workspace/amy/repos/TRFE-Net-for-thyroid-nodule-segmentation/run/unet/fold3/unet_best.pth

epoch: 2 ii: 13 trainloss: 0.73 timecost:97.11 secs
epoch: 2 ii: 63 trainloss: 0.72 timecost:105.53 secs
epoch: 2 ii: 113 trainloss: 0.67 timecost:113.98 secs
epoch: 2 meanloss: 0.68
Validation:
epoch: 2, numImages: 576 testloss: 0.67 mmae: 0.3875 fbeta: 0.5699 iou: 0.2296
Save model at /workspace/amy/repos/TRFE-Net-for-thyroid-nodule-segmentation/run/unet/fold3/unet_best.pth

epoch: 3 ii: 20 trainloss: 0.58 timecost:141.57 secs
epoch: 3 ii: 70 trainloss: 0.50 timecost:149.97 secs
epoch: 3 ii: 120 trainloss: 0.50 timecost:158.74 secs
epoch: 3 meanloss: 0.51
Validation:
epoch: 3, numImages: 576 testloss: 0.56 mmae: 0.1769 fbeta: 0.4399 iou: 0.3165
Save model at /workspace/amy/repos/TRFE-Net-for-thyroid-nodule-segmentation/run/unet/fold3/unet_best.pth

epoch: 4 ii: 27 trainloss: 0.49 timecost:185.47 secs
epoch: 4 ii: 77 trainloss: 0.47 timecost:193.60 secs
epoch: 4 ii: 127 trainloss: 0.46 timecost:201.65 secs
epoch: 4 meanloss: 0.46
Validation:
epoch: 4, numImages: 576 testloss: 0.49 mmae: 0.1072 fbeta: 0.5456 iou: 0.3861
Save model at /workspace/amy/repos/TRFE-Net-for-thyroid-nodule-segmentation/run/unet/fold3/unet_best.pth

epoch: 5 ii: 34 trainloss: 0.43 timecost:228.60 secs
epoch: 5 ii: 84 trainloss: 0.42 timecost:237.17 secs
epoch: 5 ii: 134 trainloss: 0.44 timecost:245.44 secs
epoch: 5 meanloss: 0.43
Validation:
epoch: 5, numImages: 576 testloss: 0.44 mmae: 0.0828 fbeta: 0.6332 iou: 0.4310
Save model at /workspace/amy/repos/TRFE-Net-for-thyroid-nodule-segmentation/run/unet/fold3/unet_best.pth

epoch: 6 ii: 41 trainloss: 0.40 timecost:272.81 secs
epoch: 6 ii: 91 trainloss: 0.38 timecost:281.33 secs
epoch: 6 ii: 141 trainloss: 0.40 timecost:289.75 secs
epoch: 6 meanloss: 0.39
Validation:
epoch: 6, numImages: 576 testloss: 0.40 mmae: 0.0767 fbeta: 0.6628 iou: 0.4656
Save model at /workspace/amy/repos/TRFE-Net-for-thyroid-nodule-segmentation/run/unet/fold3/unet_best.pth

epoch: 7 ii: 48 trainloss: 0.38 timecost:317.45 secs
epoch: 7 ii: 98 trainloss: 0.39 timecost:325.77 secs
epoch: 7 meanloss: 0.38
Validation:
epoch: 7, numImages: 576 testloss: 0.39 mmae: 0.0857 fbeta: 0.6115 iou: 0.4830
Save model at /workspace/amy/repos/TRFE-Net-for-thyroid-nodule-segmentation/run/unet/fold3/unet_best.pth

epoch: 8 ii: 5 trainloss: 0.35 timecost:352.23 secs
epoch: 8 ii: 55 trainloss: 0.36 timecost:360.61 secs
epoch: 8 ii: 105 trainloss: 0.37 timecost:369.10 secs
epoch: 8 meanloss: 0.36
Validation:
epoch: 8, numImages: 576 testloss: 0.45 mmae: 0.0782 fbeta: 0.6785 iou: 0.4258
epoch: 9 ii: 12 trainloss: 0.35 timecost:395.07 secs
epoch: 9 ii: 62 trainloss: 0.36 timecost:403.24 secs
epoch: 9 ii: 112 trainloss: 0.34 timecost:411.57 secs
epoch: 9 meanloss: 0.35
Validation:
epoch: 9, numImages: 576 testloss: 0.36 mmae: 0.0708 fbeta: 0.7040 iou: 0.5133
Save model at /workspace/amy/repos/TRFE-Net-for-thyroid-nodule-segmentation/run/unet/fold3/unet_best.pth

(poly lr policy) learning rate:  0.008364355197985339
epoch: 10 ii: 19 trainloss: 0.33 timecost:437.61 secs
epoch: 10 ii: 69 trainloss: 0.32 timecost:446.18 secs
epoch: 10 ii: 119 trainloss: 0.32 timecost:454.44 secs
epoch: 10 meanloss: 0.32
Validation:
epoch: 10, numImages: 576 testloss: 0.35 mmae: 0.0661 fbeta: 0.7223 iou: 0.5232
Save model at /workspace/amy/repos/TRFE-Net-for-thyroid-nodule-segmentation/run/unet/fold3/unet_best.pth

epoch: 11 ii: 26 trainloss: 0.32 timecost:482.37 secs
epoch: 11 ii: 76 trainloss: 0.31 timecost:490.55 secs
epoch: 11 ii: 126 trainloss: 0.30 timecost:498.68 secs
epoch: 11 meanloss: 0.31
Validation:
epoch: 11, numImages: 576 testloss: 0.37 mmae: 0.0658 fbeta: 0.7370 iou: 0.5053
epoch: 12 ii: 33 trainloss: 0.29 timecost:525.42 secs
epoch: 12 ii: 83 trainloss: 0.31 timecost:534.03 secs
epoch: 12 ii: 133 trainloss: 0.31 timecost:542.60 secs
epoch: 12 meanloss: 0.30
Validation:
epoch: 12, numImages: 576 testloss: 0.35 mmae: 0.0670 fbeta: 0.7237 iou: 0.5230
epoch: 13 ii: 40 trainloss: 0.30 timecost:568.59 secs
epoch: 13 ii: 90 trainloss: 0.29 timecost:577.11 secs
epoch: 13 ii: 140 trainloss: 0.29 timecost:585.43 secs
epoch: 13 meanloss: 0.29
Validation:
epoch: 13, numImages: 576 testloss: 0.33 mmae: 0.0669 fbeta: 0.7017 iou: 0.5455
Save model at /workspace/amy/repos/TRFE-Net-for-thyroid-nodule-segmentation/run/unet/fold3/unet_best.pth

epoch: 14 ii: 47 trainloss: 0.28 timecost:612.64 secs
epoch: 14 ii: 97 trainloss: 0.28 timecost:621.30 secs
epoch: 14 meanloss: 0.28
Validation:
epoch: 14, numImages: 576 testloss: 0.33 mmae: 0.0627 fbeta: 0.7256 iou: 0.5484
Save model at /workspace/amy/repos/TRFE-Net-for-thyroid-nodule-segmentation/run/unet/fold3/unet_best.pth

epoch: 15 ii: 4 trainloss: 0.28 timecost:647.67 secs
epoch: 15 ii: 54 trainloss: 0.26 timecost:656.16 secs
epoch: 15 ii: 104 trainloss: 0.27 timecost:664.58 secs
epoch: 15 meanloss: 0.27
Validation:
epoch: 15, numImages: 576 testloss: 0.33 mmae: 0.0613 fbeta: 0.7461 iou: 0.5525
Save model at /workspace/amy/repos/TRFE-Net-for-thyroid-nodule-segmentation/run/unet/fold3/unet_best.pth

epoch: 16 ii: 11 trainloss: 0.28 timecost:693.05 secs
epoch: 16 ii: 61 trainloss: 0.24 timecost:701.52 secs
epoch: 16 ii: 111 trainloss: 0.28 timecost:709.69 secs
epoch: 16 meanloss: 0.26
Validation:
epoch: 16, numImages: 576 testloss: 0.31 mmae: 0.0588 fbeta: 0.7286 iou: 0.5718
Save model at /workspace/amy/repos/TRFE-Net-for-thyroid-nodule-segmentation/run/unet/fold3/unet_best.pth

epoch: 17 ii: 18 trainloss: 0.26 timecost:739.22 secs
epoch: 17 ii: 68 trainloss: 0.26 timecost:747.94 secs
epoch: 17 ii: 118 trainloss: 0.25 timecost:756.36 secs
epoch: 17 meanloss: 0.26
Validation:
epoch: 17, numImages: 576 testloss: 0.33 mmae: 0.0662 fbeta: 0.6859 iou: 0.5478
epoch: 18 ii: 25 trainloss: 0.27 timecost:784.72 secs
epoch: 18 ii: 75 trainloss: 0.26 timecost:792.99 secs
epoch: 18 ii: 125 trainloss: 0.27 timecost:801.47 secs
epoch: 18 meanloss: 0.26
Validation:
epoch: 18, numImages: 576 testloss: 0.31 mmae: 0.0604 fbeta: 0.7241 iou: 0.5696
epoch: 19 ii: 32 trainloss: 0.25 timecost:829.39 secs
epoch: 19 ii: 82 trainloss: 0.24 timecost:837.82 secs
epoch: 19 ii: 132 trainloss: 0.25 timecost:846.57 secs
epoch: 19 meanloss: 0.24
Validation:
epoch: 19, numImages: 576 testloss: 0.30 mmae: 0.0588 fbeta: 0.7279 iou: 0.5740
Save model at /workspace/amy/repos/TRFE-Net-for-thyroid-nodule-segmentation/run/unet/fold3/unet_best.pth

(poly lr policy) learning rate:  0.0065035805048774195
epoch: 20 ii: 39 trainloss: 0.23 timecost:874.86 secs
epoch: 20 ii: 89 trainloss: 0.23 timecost:883.24 secs
epoch: 20 ii: 139 trainloss: 0.24 timecost:891.64 secs
epoch: 20 meanloss: 0.23
Validation:
epoch: 20, numImages: 576 testloss: 0.31 mmae: 0.0599 fbeta: 0.7224 iou: 0.5691
epoch: 21 ii: 46 trainloss: 0.23 timecost:923.34 secs
epoch: 21 ii: 96 trainloss: 0.22 timecost:931.82 secs
epoch: 21 meanloss: 0.22
Validation:
epoch: 21, numImages: 576 testloss: 0.30 mmae: 0.0588 fbeta: 0.7470 iou: 0.5732
epoch: 22 ii: 3 trainloss: 0.22 timecost:959.76 secs
epoch: 22 ii: 53 trainloss: 0.22 timecost:969.63 secs
epoch: 22 ii: 103 trainloss: 0.22 timecost:978.24 secs
epoch: 22 meanloss: 0.22
Validation:
epoch: 22, numImages: 576 testloss: 0.30 mmae: 0.0593 fbeta: 0.7368 iou: 0.5777
Save model at /workspace/amy/repos/TRFE-Net-for-thyroid-nodule-segmentation/run/unet/fold3/unet_best.pth

epoch: 23 ii: 10 trainloss: 0.22 timecost:1006.66 secs
epoch: 23 ii: 60 trainloss: 0.22 timecost:1015.10 secs
epoch: 23 ii: 110 trainloss: 0.22 timecost:1023.33 secs
epoch: 23 meanloss: 0.22
Validation:
epoch: 23, numImages: 576 testloss: 0.28 mmae: 0.0563 fbeta: 0.7362 iou: 0.5964
Save model at /workspace/amy/repos/TRFE-Net-for-thyroid-nodule-segmentation/run/unet/fold3/unet_best.pth

epoch: 24 ii: 17 trainloss: 0.21 timecost:1052.09 secs
epoch: 24 ii: 67 trainloss: 0.21 timecost:1060.79 secs
epoch: 24 ii: 117 trainloss: 0.21 timecost:1069.27 secs
epoch: 24 meanloss: 0.21
Validation:
epoch: 24, numImages: 576 testloss: 0.31 mmae: 0.0556 fbeta: 0.7702 iou: 0.5735
epoch: 25 ii: 24 trainloss: 0.20 timecost:1097.89 secs
epoch: 25 ii: 74 trainloss: 0.20 timecost:1106.43 secs
epoch: 25 ii: 124 trainloss: 0.21 timecost:1114.82 secs
epoch: 25 meanloss: 0.21
Validation:
epoch: 25, numImages: 576 testloss: 0.29 mmae: 0.0553 fbeta: 0.7580 iou: 0.5929
epoch: 26 ii: 31 trainloss: 0.20 timecost:1141.13 secs
epoch: 26 ii: 81 trainloss: 0.21 timecost:1149.39 secs
epoch: 26 ii: 131 trainloss: 0.20 timecost:1158.05 secs
epoch: 26 meanloss: 0.20
Validation:
epoch: 26, numImages: 576 testloss: 0.31 mmae: 0.0578 fbeta: 0.7735 iou: 0.5706
epoch: 27 ii: 38 trainloss: 0.19 timecost:1186.57 secs
epoch: 27 ii: 88 trainloss: 0.19 timecost:1196.09 secs
epoch: 27 ii: 138 trainloss: 0.20 timecost:1206.50 secs
epoch: 27 meanloss: 0.20
Validation:
epoch: 27, numImages: 576 testloss: 0.33 mmae: 0.0608 fbeta: 0.7647 iou: 0.5550
epoch: 28 ii: 45 trainloss: 0.20 timecost:1250.97 secs
epoch: 28 ii: 95 trainloss: 0.19 timecost:1260.59 secs
epoch: 28 meanloss: 0.20
Validation:
epoch: 28, numImages: 576 testloss: 0.28 mmae: 0.0547 fbeta: 0.7517 iou: 0.5969
Save model at /workspace/amy/repos/TRFE-Net-for-thyroid-nodule-segmentation/run/unet/fold3/unet_best.pth

epoch: 29 ii: 2 trainloss: 0.20 timecost:1291.14 secs
epoch: 29 ii: 52 trainloss: 0.19 timecost:1299.71 secs
epoch: 29 ii: 102 trainloss: 0.20 timecost:1308.22 secs
epoch: 29 meanloss: 0.19
Validation:
epoch: 29, numImages: 576 testloss: 0.29 mmae: 0.0559 fbeta: 0.7759 iou: 0.5924
(poly lr policy) learning rate:  0.0045806210165153325
epoch: 30 ii: 9 trainloss: 0.18 timecost:1336.34 secs
epoch: 30 ii: 59 trainloss: 0.18 timecost:1344.85 secs
epoch: 30 ii: 109 trainloss: 0.18 timecost:1353.35 secs
epoch: 30 meanloss: 0.18
Validation:
epoch: 30, numImages: 576 testloss: 0.29 mmae: 0.0551 fbeta: 0.7770 iou: 0.5900
epoch: 31 ii: 16 trainloss: 0.18 timecost:1381.95 secs
epoch: 31 ii: 66 trainloss: 0.17 timecost:1390.44 secs
epoch: 31 ii: 116 trainloss: 0.17 timecost:1398.89 secs
epoch: 31 meanloss: 0.17
Validation:
epoch: 31, numImages: 576 testloss: 0.28 mmae: 0.0574 fbeta: 0.7174 iou: 0.5943
epoch: 32 ii: 23 trainloss: 0.18 timecost:1428.27 secs
epoch: 32 ii: 73 trainloss: 0.17 timecost:1437.74 secs
epoch: 32 ii: 123 trainloss: 0.17 timecost:1446.08 secs
epoch: 32 meanloss: 0.17
Validation:
epoch: 32, numImages: 576 testloss: 0.28 mmae: 0.0518 fbeta: 0.7756 iou: 0.6081
Save model at /workspace/amy/repos/TRFE-Net-for-thyroid-nodule-segmentation/run/unet/fold3/unet_best.pth

epoch: 33 ii: 30 trainloss: 0.16 timecost:1479.45 secs
epoch: 33 ii: 80 trainloss: 0.17 timecost:1488.48 secs
epoch: 33 ii: 130 trainloss: 0.17 timecost:1496.83 secs
epoch: 33 meanloss: 0.17
Validation:
epoch: 33, numImages: 576 testloss: 0.27 mmae: 0.0525 fbeta: 0.7650 iou: 0.6085
Save model at /workspace/amy/repos/TRFE-Net-for-thyroid-nodule-segmentation/run/unet/fold3/unet_best.pth

epoch: 34 ii: 37 trainloss: 0.16 timecost:1526.91 secs
epoch: 34 ii: 87 trainloss: 0.16 timecost:1535.59 secs
epoch: 34 ii: 137 trainloss: 0.17 timecost:1544.01 secs
epoch: 34 meanloss: 0.16
Validation:
epoch: 34, numImages: 576 testloss: 0.29 mmae: 0.0524 fbeta: 0.7728 iou: 0.5986
epoch: 35 ii: 44 trainloss: 0.15 timecost:1573.22 secs
epoch: 35 ii: 94 trainloss: 0.16 timecost:1581.84 secs
epoch: 35 meanloss: 0.16
Validation:
epoch: 35, numImages: 576 testloss: 0.28 mmae: 0.0517 fbeta: 0.7841 iou: 0.6015
epoch: 36 ii: 1 trainloss: 0.16 timecost:1611.48 secs
epoch: 36 ii: 51 trainloss: 0.16 timecost:1619.78 secs
epoch: 36 ii: 101 trainloss: 0.16 timecost:1628.12 secs
epoch: 36 meanloss: 0.16
Validation:
epoch: 36, numImages: 576 testloss: 0.28 mmae: 0.0532 fbeta: 0.7494 iou: 0.6059
epoch: 37 ii: 8 trainloss: 0.16 timecost:1656.86 secs
epoch: 37 ii: 58 trainloss: 0.16 timecost:1665.32 secs
epoch: 37 ii: 108 trainloss: 0.16 timecost:1673.71 secs
epoch: 37 meanloss: 0.16
Validation:
epoch: 37, numImages: 576 testloss: 0.27 mmae: 0.0523 fbeta: 0.7706 iou: 0.6084
epoch: 38 ii: 15 trainloss: 0.15 timecost:1702.11 secs
epoch: 38 ii: 65 trainloss: 0.15 timecost:1710.39 secs
epoch: 38 ii: 115 trainloss: 0.15 timecost:1718.53 secs
epoch: 38 meanloss: 0.15
Validation:
epoch: 38, numImages: 576 testloss: 0.28 mmae: 0.0570 fbeta: 0.7180 iou: 0.5954
epoch: 39 ii: 22 trainloss: 0.15 timecost:1750.94 secs
epoch: 39 ii: 72 trainloss: 0.16 timecost:1759.53 secs
epoch: 39 ii: 122 trainloss: 0.15 timecost:1768.04 secs
epoch: 39 meanloss: 0.15
Validation:
epoch: 39, numImages: 576 testloss: 0.27 mmae: 0.0521 fbeta: 0.7529 iou: 0.6122
Save model at /workspace/amy/repos/TRFE-Net-for-thyroid-nodule-segmentation/run/unet/fold3/unet_best.pth

(poly lr policy) learning rate:  0.0025596489844146204
epoch: 40 ii: 29 trainloss: 0.14 timecost:1799.78 secs
epoch: 40 ii: 79 trainloss: 0.14 timecost:1808.46 secs
epoch: 40 ii: 129 trainloss: 0.15 timecost:1817.58 secs
epoch: 40 meanloss: 0.14
Validation:
epoch: 40, numImages: 576 testloss: 0.28 mmae: 0.0526 fbeta: 0.7506 iou: 0.6053
epoch: 41 ii: 36 trainloss: 0.14 timecost:1846.97 secs
epoch: 41 ii: 86 trainloss: 0.14 timecost:1856.28 secs
epoch: 41 ii: 136 trainloss: 0.14 timecost:1864.85 secs
epoch: 41 meanloss: 0.14
Validation:
epoch: 41, numImages: 576 testloss: 0.27 mmae: 0.0514 fbeta: 0.7696 iou: 0.6086
epoch: 42 ii: 43 trainloss: 0.13 timecost:1896.45 secs
epoch: 42 ii: 93 trainloss: 0.14 timecost:1904.97 secs
epoch: 42 meanloss: 0.14
Validation:
epoch: 42, numImages: 576 testloss: 0.28 mmae: 0.0518 fbeta: 0.7719 iou: 0.6018
epoch: 43 ii: 0 trainloss: 0.13 timecost:1933.99 secs
epoch: 43 ii: 50 trainloss: 0.13 timecost:1942.48 secs
epoch: 43 ii: 100 trainloss: 0.13 timecost:1951.35 secs
epoch: 43 meanloss: 0.13
Validation:
epoch: 43, numImages: 576 testloss: 0.28 mmae: 0.0528 fbeta: 0.7796 iou: 0.6033
epoch: 44 ii: 7 trainloss: 0.13 timecost:1984.69 secs
epoch: 44 ii: 57 trainloss: 0.13 timecost:1993.03 secs
epoch: 44 ii: 107 trainloss: 0.13 timecost:2002.16 secs
epoch: 44 meanloss: 0.13
Validation:
epoch: 44, numImages: 576 testloss: 0.28 mmae: 0.0516 fbeta: 0.7738 iou: 0.6083
epoch: 45 ii: 14 trainloss: 0.13 timecost:2033.36 secs
epoch: 45 ii: 64 trainloss: 0.13 timecost:2041.61 secs
epoch: 45 ii: 114 trainloss: 0.13 timecost:2051.19 secs
epoch: 45 meanloss: 0.13
Validation:
epoch: 45, numImages: 576 testloss: 0.29 mmae: 0.0526 fbeta: 0.7818 iou: 0.5970
epoch: 46 ii: 21 trainloss: 0.13 timecost:2080.32 secs
epoch: 46 ii: 71 trainloss: 0.12 timecost:2088.89 secs
epoch: 46 ii: 121 trainloss: 0.13 timecost:2098.16 secs
epoch: 46 meanloss: 0.13
Validation:
epoch: 46, numImages: 576 testloss: 0.29 mmae: 0.0531 fbeta: 0.7794 iou: 0.5961
epoch: 47 ii: 28 trainloss: 0.12 timecost:2127.69 secs
epoch: 47 ii: 78 trainloss: 0.12 timecost:2136.09 secs
epoch: 47 ii: 128 trainloss: 0.13 timecost:2144.95 secs
epoch: 47 meanloss: 0.12
Validation:
epoch: 47, numImages: 576 testloss: 0.28 mmae: 0.0525 fbeta: 0.7720 iou: 0.6021
epoch: 48 ii: 35 trainloss: 0.12 timecost:2175.09 secs
epoch: 48 ii: 85 trainloss: 0.12 timecost:2183.53 secs
epoch: 48 ii: 135 trainloss: 0.12 timecost:2192.02 secs
epoch: 48 meanloss: 0.12
Validation:
epoch: 48, numImages: 576 testloss: 0.28 mmae: 0.0534 fbeta: 0.7401 iou: 0.6010
epoch: 49 ii: 42 trainloss: 0.12 timecost:2219.71 secs
epoch: 49 ii: 92 trainloss: 0.12 timecost:2228.30 secs
epoch: 49 ii: 142 trainloss: 0.13 timecost:2236.76 secs
epoch: 49 meanloss: 0.12
Validation:
epoch: 49, numImages: 576 testloss: 0.27 mmae: 0.0521 fbeta: 0.7682 iou: 0.6107
(poly lr policy) learning rate:  0.000295751527325663
