Training unet from scratch...
nitrs: 0 num_iter_tr: 143
nsamples: 0 tot_num_samples: 2303
epoch: 0 ii: 49 trainloss: 0.79 timecost:12.40 secs
epoch: 0 ii: 99 trainloss: 0.78 timecost:22.81 secs
epoch: 0 meanloss: 0.78
Validation:
epoch: 0, numImages: 576 testloss: 0.76 mmae: 0.6747 fbeta: 0.0140 iou: 0.1562
Save model at /workspace/amy/repos/TRFE-Net-for-thyroid-nodule-segmentation/run/unet/fold1/unet_best.pth

epoch: 1 ii: 6 trainloss: 0.77 timecost:54.28 secs
epoch: 1 ii: 56 trainloss: 0.77 timecost:62.78 secs
epoch: 1 ii: 106 trainloss: 0.75 timecost:71.97 secs
epoch: 1 meanloss: 0.75
Validation:
epoch: 1, numImages: 576 testloss: 0.75 mmae: 0.5985 fbeta: 0.2774 iou: 0.1665
Save model at /workspace/amy/repos/TRFE-Net-for-thyroid-nodule-segmentation/run/unet/fold1/unet_best.pth

epoch: 2 ii: 13 trainloss: 0.73 timecost:99.58 secs
epoch: 2 ii: 63 trainloss: 0.71 timecost:108.11 secs
epoch: 2 ii: 113 trainloss: 0.68 timecost:117.47 secs
epoch: 2 meanloss: 0.68
Validation:
epoch: 2, numImages: 576 testloss: 0.58 mmae: 0.1588 fbeta: 0.4412 iou: 0.2967
Save model at /workspace/amy/repos/TRFE-Net-for-thyroid-nodule-segmentation/run/unet/fold1/unet_best.pth

epoch: 3 ii: 20 trainloss: 0.59 timecost:145.46 secs
epoch: 3 ii: 70 trainloss: 0.50 timecost:154.25 secs
epoch: 3 ii: 120 trainloss: 0.51 timecost:162.80 secs
epoch: 3 meanloss: 0.52
Validation:
epoch: 3, numImages: 576 testloss: 0.50 mmae: 0.1102 fbeta: 0.5440 iou: 0.3780
Save model at /workspace/amy/repos/TRFE-Net-for-thyroid-nodule-segmentation/run/unet/fold1/unet_best.pth

epoch: 4 ii: 27 trainloss: 0.48 timecost:189.76 secs
epoch: 4 ii: 77 trainloss: 0.48 timecost:198.60 secs
epoch: 4 ii: 127 trainloss: 0.46 timecost:206.93 secs
epoch: 4 meanloss: 0.47
Validation:
epoch: 4, numImages: 576 testloss: 0.45 mmae: 0.1100 fbeta: 0.5794 iou: 0.4162
Save model at /workspace/amy/repos/TRFE-Net-for-thyroid-nodule-segmentation/run/unet/fold1/unet_best.pth

epoch: 5 ii: 34 trainloss: 0.44 timecost:232.83 secs
epoch: 5 ii: 84 trainloss: 0.43 timecost:241.25 secs
epoch: 5 ii: 134 trainloss: 0.41 timecost:249.31 secs
epoch: 5 meanloss: 0.42
Validation:
epoch: 5, numImages: 576 testloss: 0.43 mmae: 0.0943 fbeta: 0.6075 iou: 0.4402
Save model at /workspace/amy/repos/TRFE-Net-for-thyroid-nodule-segmentation/run/unet/fold1/unet_best.pth

epoch: 6 ii: 41 trainloss: 0.41 timecost:275.66 secs
epoch: 6 ii: 91 trainloss: 0.40 timecost:283.96 secs
epoch: 6 ii: 141 trainloss: 0.39 timecost:292.30 secs
epoch: 6 meanloss: 0.40
Validation:
epoch: 6, numImages: 576 testloss: 0.38 mmae: 0.0765 fbeta: 0.6867 iou: 0.4889
Save model at /workspace/amy/repos/TRFE-Net-for-thyroid-nodule-segmentation/run/unet/fold1/unet_best.pth

epoch: 7 ii: 48 trainloss: 0.38 timecost:318.07 secs
epoch: 7 ii: 98 trainloss: 0.37 timecost:326.02 secs
epoch: 7 meanloss: 0.37
Validation:
epoch: 7, numImages: 576 testloss: 0.40 mmae: 0.0760 fbeta: 0.6788 iou: 0.4740
epoch: 8 ii: 5 trainloss: 0.35 timecost:351.29 secs
epoch: 8 ii: 55 trainloss: 0.37 timecost:359.67 secs
epoch: 8 ii: 105 trainloss: 0.37 timecost:368.04 secs
epoch: 8 meanloss: 0.36
Validation:
epoch: 8, numImages: 576 testloss: 0.37 mmae: 0.0739 fbeta: 0.6959 iou: 0.5033
Save model at /workspace/amy/repos/TRFE-Net-for-thyroid-nodule-segmentation/run/unet/fold1/unet_best.pth

epoch: 9 ii: 12 trainloss: 0.35 timecost:394.04 secs
epoch: 9 ii: 62 trainloss: 0.36 timecost:402.40 secs
epoch: 9 ii: 112 trainloss: 0.34 timecost:410.84 secs
epoch: 9 meanloss: 0.35
Validation:
epoch: 9, numImages: 576 testloss: 0.39 mmae: 0.0740 fbeta: 0.7085 iou: 0.4817
(poly lr policy) learning rate:  0.008364355197985339
epoch: 10 ii: 19 trainloss: 0.32 timecost:435.95 secs
epoch: 10 ii: 69 trainloss: 0.33 timecost:444.25 secs
epoch: 10 ii: 119 trainloss: 0.33 timecost:452.58 secs
epoch: 10 meanloss: 0.32
Validation:
epoch: 10, numImages: 576 testloss: 0.33 mmae: 0.0670 fbeta: 0.7092 iou: 0.5388
Save model at /workspace/amy/repos/TRFE-Net-for-thyroid-nodule-segmentation/run/unet/fold1/unet_best.pth

epoch: 11 ii: 26 trainloss: 0.32 timecost:478.91 secs
epoch: 11 ii: 76 trainloss: 0.31 timecost:487.18 secs
epoch: 11 ii: 126 trainloss: 0.31 timecost:495.80 secs
epoch: 11 meanloss: 0.31
Validation:
epoch: 11, numImages: 576 testloss: 0.35 mmae: 0.0730 fbeta: 0.6965 iou: 0.5258
epoch: 12 ii: 33 trainloss: 0.29 timecost:522.16 secs
epoch: 12 ii: 83 trainloss: 0.31 timecost:530.57 secs
epoch: 12 ii: 133 trainloss: 0.32 timecost:539.39 secs
epoch: 12 meanloss: 0.31
Validation:
epoch: 12, numImages: 576 testloss: 0.31 mmae: 0.0625 fbeta: 0.7282 iou: 0.5626
Save model at /workspace/amy/repos/TRFE-Net-for-thyroid-nodule-segmentation/run/unet/fold1/unet_best.pth

epoch: 13 ii: 40 trainloss: 0.30 timecost:565.23 secs
epoch: 13 ii: 90 trainloss: 0.30 timecost:574.01 secs
epoch: 13 ii: 140 trainloss: 0.29 timecost:583.45 secs
epoch: 13 meanloss: 0.29
Validation:
epoch: 13, numImages: 576 testloss: 0.30 mmae: 0.0625 fbeta: 0.7197 iou: 0.5722
Save model at /workspace/amy/repos/TRFE-Net-for-thyroid-nodule-segmentation/run/unet/fold1/unet_best.pth

epoch: 14 ii: 47 trainloss: 0.28 timecost:608.59 secs
epoch: 14 ii: 97 trainloss: 0.28 timecost:616.56 secs
epoch: 14 meanloss: 0.28
Validation:
epoch: 14, numImages: 576 testloss: 0.33 mmae: 0.0702 fbeta: 0.6857 iou: 0.5401
epoch: 15 ii: 4 trainloss: 0.29 timecost:642.01 secs
epoch: 15 ii: 54 trainloss: 0.29 timecost:650.37 secs
epoch: 15 ii: 104 trainloss: 0.28 timecost:658.61 secs
epoch: 15 meanloss: 0.29
Validation:
epoch: 15, numImages: 576 testloss: 0.29 mmae: 0.0587 fbeta: 0.7398 iou: 0.5831
Save model at /workspace/amy/repos/TRFE-Net-for-thyroid-nodule-segmentation/run/unet/fold1/unet_best.pth

epoch: 16 ii: 11 trainloss: 0.28 timecost:685.27 secs
epoch: 16 ii: 61 trainloss: 0.26 timecost:693.34 secs
epoch: 16 ii: 111 trainloss: 0.28 timecost:701.43 secs
epoch: 16 meanloss: 0.27
Validation:
epoch: 16, numImages: 576 testloss: 0.30 mmae: 0.0591 fbeta: 0.7591 iou: 0.5746
epoch: 17 ii: 18 trainloss: 0.27 timecost:727.49 secs
epoch: 17 ii: 68 trainloss: 0.27 timecost:735.58 secs
epoch: 17 ii: 118 trainloss: 0.26 timecost:743.57 secs
epoch: 17 meanloss: 0.27
Validation:
epoch: 17, numImages: 576 testloss: 0.31 mmae: 0.0614 fbeta: 0.7638 iou: 0.5702
epoch: 18 ii: 25 trainloss: 0.27 timecost:771.95 secs
epoch: 18 ii: 75 trainloss: 0.25 timecost:780.30 secs
epoch: 18 ii: 125 trainloss: 0.25 timecost:788.39 secs
epoch: 18 meanloss: 0.26
Validation:
epoch: 18, numImages: 576 testloss: 0.32 mmae: 0.0700 fbeta: 0.6951 iou: 0.5480
epoch: 19 ii: 32 trainloss: 0.25 timecost:814.62 secs
epoch: 19 ii: 82 trainloss: 0.25 timecost:822.39 secs
epoch: 19 ii: 132 trainloss: 0.27 timecost:830.48 secs
epoch: 19 meanloss: 0.26
Validation:
epoch: 19, numImages: 576 testloss: 0.29 mmae: 0.0586 fbeta: 0.7749 iou: 0.5882
Save model at /workspace/amy/repos/TRFE-Net-for-thyroid-nodule-segmentation/run/unet/fold1/unet_best.pth

(poly lr policy) learning rate:  0.0065035805048774195
epoch: 20 ii: 39 trainloss: 0.24 timecost:857.18 secs
epoch: 20 ii: 89 trainloss: 0.25 timecost:865.19 secs
epoch: 20 ii: 139 trainloss: 0.23 timecost:872.98 secs
epoch: 20 meanloss: 0.24
Validation:
epoch: 20, numImages: 576 testloss: 0.27 mmae: 0.0551 fbeta: 0.7632 iou: 0.6079
Save model at /workspace/amy/repos/TRFE-Net-for-thyroid-nodule-segmentation/run/unet/fold1/unet_best.pth

epoch: 21 ii: 46 trainloss: 0.22 timecost:899.52 secs
epoch: 21 ii: 96 trainloss: 0.22 timecost:907.72 secs
epoch: 21 meanloss: 0.23
Validation:
epoch: 21, numImages: 576 testloss: 0.30 mmae: 0.0624 fbeta: 0.7518 iou: 0.5750
epoch: 22 ii: 3 trainloss: 0.24 timecost:934.58 secs
epoch: 22 ii: 53 trainloss: 0.23 timecost:942.71 secs
epoch: 22 ii: 103 trainloss: 0.23 timecost:950.76 secs
epoch: 22 meanloss: 0.22
Validation:
epoch: 22, numImages: 576 testloss: 0.28 mmae: 0.0559 fbeta: 0.7718 iou: 0.5992
epoch: 23 ii: 10 trainloss: 0.22 timecost:978.03 secs
epoch: 23 ii: 60 trainloss: 0.23 timecost:986.50 secs
epoch: 23 ii: 110 trainloss: 0.22 timecost:995.23 secs
epoch: 23 meanloss: 0.23
Validation:
epoch: 23, numImages: 576 testloss: 0.27 mmae: 0.0531 fbeta: 0.7797 iou: 0.6128
Save model at /workspace/amy/repos/TRFE-Net-for-thyroid-nodule-segmentation/run/unet/fold1/unet_best.pth

epoch: 24 ii: 17 trainloss: 0.23 timecost:1026.64 secs
epoch: 24 ii: 67 trainloss: 0.21 timecost:1035.28 secs
epoch: 24 ii: 117 trainloss: 0.21 timecost:1044.19 secs
epoch: 24 meanloss: 0.21
Validation:
epoch: 24, numImages: 576 testloss: 0.27 mmae: 0.0522 fbeta: 0.7822 iou: 0.6089
epoch: 25 ii: 24 trainloss: 0.21 timecost:1074.77 secs
epoch: 25 ii: 74 trainloss: 0.21 timecost:1083.79 secs
epoch: 25 ii: 124 trainloss: 0.21 timecost:1092.20 secs
epoch: 25 meanloss: 0.21
Validation:
epoch: 25, numImages: 576 testloss: 0.27 mmae: 0.0531 fbeta: 0.7669 iou: 0.6138
Save model at /workspace/amy/repos/TRFE-Net-for-thyroid-nodule-segmentation/run/unet/fold1/unet_best.pth

epoch: 26 ii: 31 trainloss: 0.20 timecost:1121.68 secs
epoch: 26 ii: 81 trainloss: 0.21 timecost:1130.76 secs
epoch: 26 ii: 131 trainloss: 0.21 timecost:1139.59 secs
epoch: 26 meanloss: 0.21
Validation:
epoch: 26, numImages: 576 testloss: 0.30 mmae: 0.0588 fbeta: 0.7945 iou: 0.5857
epoch: 27 ii: 38 trainloss: 0.19 timecost:1166.02 secs
epoch: 27 ii: 88 trainloss: 0.20 timecost:1174.04 secs
epoch: 27 ii: 138 trainloss: 0.21 timecost:1182.08 secs
epoch: 27 meanloss: 0.20
Validation:
epoch: 27, numImages: 576 testloss: 0.31 mmae: 0.0642 fbeta: 0.7841 iou: 0.5674
epoch: 28 ii: 45 trainloss: 0.20 timecost:1207.83 secs
epoch: 28 ii: 95 trainloss: 0.20 timecost:1215.54 secs
epoch: 28 meanloss: 0.20
Validation:
epoch: 28, numImages: 576 testloss: 0.30 mmae: 0.0585 fbeta: 0.7954 iou: 0.5845
epoch: 29 ii: 2 trainloss: 0.21 timecost:1242.12 secs
epoch: 29 ii: 52 trainloss: 0.19 timecost:1250.08 secs
epoch: 29 ii: 102 trainloss: 0.22 timecost:1257.94 secs
epoch: 29 meanloss: 0.20
Validation:
epoch: 29, numImages: 576 testloss: 0.26 mmae: 0.0526 fbeta: 0.7494 iou: 0.6197
Save model at /workspace/amy/repos/TRFE-Net-for-thyroid-nodule-segmentation/run/unet/fold1/unet_best.pth

(poly lr policy) learning rate:  0.0045806210165153325
epoch: 30 ii: 9 trainloss: 0.19 timecost:1285.50 secs
epoch: 30 ii: 59 trainloss: 0.20 timecost:1293.54 secs
epoch: 30 ii: 109 trainloss: 0.20 timecost:1301.51 secs
epoch: 30 meanloss: 0.19
Validation:
epoch: 30, numImages: 576 testloss: 0.26 mmae: 0.0537 fbeta: 0.7926 iou: 0.6166
epoch: 31 ii: 16 trainloss: 0.18 timecost:1329.46 secs
epoch: 31 ii: 66 trainloss: 0.18 timecost:1337.10 secs
epoch: 31 ii: 116 trainloss: 0.18 timecost:1345.05 secs
epoch: 31 meanloss: 0.18
Validation:
epoch: 31, numImages: 576 testloss: 0.27 mmae: 0.0531 fbeta: 0.7812 iou: 0.6097
epoch: 32 ii: 23 trainloss: 0.17 timecost:1373.62 secs
epoch: 32 ii: 73 trainloss: 0.18 timecost:1381.65 secs
epoch: 32 ii: 123 trainloss: 0.17 timecost:1390.61 secs
epoch: 32 meanloss: 0.17
Validation:
epoch: 32, numImages: 576 testloss: 0.26 mmae: 0.0528 fbeta: 0.7823 iou: 0.6191
epoch: 33 ii: 30 trainloss: 0.18 timecost:1417.58 secs
epoch: 33 ii: 80 trainloss: 0.16 timecost:1425.46 secs
epoch: 33 ii: 130 trainloss: 0.18 timecost:1433.53 secs
epoch: 33 meanloss: 0.17
Validation:
epoch: 33, numImages: 576 testloss: 0.26 mmae: 0.0510 fbeta: 0.7844 iou: 0.6219
Save model at /workspace/amy/repos/TRFE-Net-for-thyroid-nodule-segmentation/run/unet/fold1/unet_best.pth

epoch: 34 ii: 37 trainloss: 0.17 timecost:1461.92 secs
epoch: 34 ii: 87 trainloss: 0.16 timecost:1470.43 secs
epoch: 34 ii: 137 trainloss: 0.18 timecost:1478.62 secs
epoch: 34 meanloss: 0.17
Validation:
epoch: 34, numImages: 576 testloss: 0.26 mmae: 0.0515 fbeta: 0.7755 iou: 0.6266
Save model at /workspace/amy/repos/TRFE-Net-for-thyroid-nodule-segmentation/run/unet/fold1/unet_best.pth

epoch: 35 ii: 44 trainloss: 0.16 timecost:1507.40 secs
epoch: 35 ii: 94 trainloss: 0.16 timecost:1515.56 secs
epoch: 35 meanloss: 0.17
Validation:
epoch: 35, numImages: 576 testloss: 0.29 mmae: 0.0551 fbeta: 0.7979 iou: 0.5982
epoch: 36 ii: 1 trainloss: 0.18 timecost:1543.28 secs
epoch: 36 ii: 51 trainloss: 0.16 timecost:1551.87 secs
epoch: 36 ii: 101 trainloss: 0.16 timecost:1560.23 secs
epoch: 36 meanloss: 0.16
Validation:
epoch: 36, numImages: 576 testloss: 0.26 mmae: 0.0519 fbeta: 0.7808 iou: 0.6189
epoch: 37 ii: 8 trainloss: 0.16 timecost:1586.69 secs
epoch: 37 ii: 58 trainloss: 0.16 timecost:1594.95 secs
epoch: 37 ii: 108 trainloss: 0.15 timecost:1603.60 secs
epoch: 37 meanloss: 0.16
Validation:
epoch: 37, numImages: 576 testloss: 0.28 mmae: 0.0535 fbeta: 0.7953 iou: 0.6018
epoch: 38 ii: 15 trainloss: 0.15 timecost:1630.47 secs
epoch: 38 ii: 65 trainloss: 0.16 timecost:1638.35 secs
epoch: 38 ii: 115 trainloss: 0.16 timecost:1646.22 secs
epoch: 38 meanloss: 0.16
Validation:
epoch: 38, numImages: 576 testloss: 0.26 mmae: 0.0506 fbeta: 0.7886 iou: 0.6180
epoch: 39 ii: 22 trainloss: 0.16 timecost:1673.81 secs
epoch: 39 ii: 72 trainloss: 0.16 timecost:1681.90 secs
epoch: 39 ii: 122 trainloss: 0.16 timecost:1689.93 secs
epoch: 39 meanloss: 0.16
Validation:
epoch: 39, numImages: 576 testloss: 0.26 mmae: 0.0510 fbeta: 0.7910 iou: 0.6234
(poly lr policy) learning rate:  0.0025596489844146204
epoch: 40 ii: 29 trainloss: 0.15 timecost:1717.23 secs
epoch: 40 ii: 79 trainloss: 0.15 timecost:1724.95 secs
epoch: 40 ii: 129 trainloss: 0.15 timecost:1732.84 secs
epoch: 40 meanloss: 0.15
Validation:
epoch: 40, numImages: 576 testloss: 0.27 mmae: 0.0515 fbeta: 0.7987 iou: 0.6124
epoch: 41 ii: 36 trainloss: 0.15 timecost:1760.54 secs
epoch: 41 ii: 86 trainloss: 0.14 timecost:1768.60 secs
epoch: 41 ii: 136 trainloss: 0.15 timecost:1776.57 secs
epoch: 41 meanloss: 0.14
Validation:
epoch: 41, numImages: 576 testloss: 0.26 mmae: 0.0504 fbeta: 0.7900 iou: 0.6256
epoch: 42 ii: 43 trainloss: 0.14 timecost:1803.83 secs
epoch: 42 ii: 93 trainloss: 0.14 timecost:1811.74 secs
epoch: 42 meanloss: 0.14
Validation:
epoch: 42, numImages: 576 testloss: 0.26 mmae: 0.0528 fbeta: 0.7900 iou: 0.6168
epoch: 43 ii: 0 trainloss: 0.14 timecost:1839.42 secs
epoch: 43 ii: 50 trainloss: 0.14 timecost:1847.71 secs
epoch: 43 ii: 100 trainloss: 0.13 timecost:1855.64 secs
epoch: 43 meanloss: 0.14
Validation:
epoch: 43, numImages: 576 testloss: 0.26 mmae: 0.0507 fbeta: 0.7930 iou: 0.6257
epoch: 44 ii: 7 trainloss: 0.14 timecost:1883.23 secs
epoch: 44 ii: 57 trainloss: 0.13 timecost:1891.12 secs
epoch: 44 ii: 107 trainloss: 0.14 timecost:1899.13 secs
epoch: 44 meanloss: 0.14
Validation:
epoch: 44, numImages: 576 testloss: 0.26 mmae: 0.0508 fbeta: 0.7892 iou: 0.6247
epoch: 45 ii: 14 trainloss: 0.14 timecost:1927.41 secs
epoch: 45 ii: 64 trainloss: 0.13 timecost:1935.59 secs
epoch: 45 ii: 114 trainloss: 0.13 timecost:1943.40 secs
epoch: 45 meanloss: 0.13
Validation:
epoch: 45, numImages: 576 testloss: 0.25 mmae: 0.0507 fbeta: 0.7766 iou: 0.6284
Save model at /workspace/amy/repos/TRFE-Net-for-thyroid-nodule-segmentation/run/unet/fold1/unet_best.pth

epoch: 46 ii: 21 trainloss: 0.13 timecost:1971.07 secs
epoch: 46 ii: 71 trainloss: 0.13 timecost:1978.98 secs
epoch: 46 ii: 121 trainloss: 0.14 timecost:1987.39 secs
epoch: 46 meanloss: 0.13
Validation:
epoch: 46, numImages: 576 testloss: 0.27 mmae: 0.0519 fbeta: 0.7959 iou: 0.6156
epoch: 47 ii: 28 trainloss: 0.13 timecost:2014.67 secs
epoch: 47 ii: 78 trainloss: 0.12 timecost:2022.49 secs
epoch: 47 ii: 128 trainloss: 0.13 timecost:2030.80 secs
epoch: 47 meanloss: 0.13
Validation:
epoch: 47, numImages: 576 testloss: 0.26 mmae: 0.0521 fbeta: 0.7867 iou: 0.6190
epoch: 48 ii: 35 trainloss: 0.13 timecost:2059.04 secs
epoch: 48 ii: 85 trainloss: 0.13 timecost:2066.96 secs
epoch: 48 ii: 135 trainloss: 0.13 timecost:2076.38 secs
epoch: 48 meanloss: 0.13
Validation:
epoch: 48, numImages: 576 testloss: 0.25 mmae: 0.0501 fbeta: 0.7814 iou: 0.6306
Save model at /workspace/amy/repos/TRFE-Net-for-thyroid-nodule-segmentation/run/unet/fold1/unet_best.pth

epoch: 49 ii: 42 trainloss: 0.12 timecost:2107.71 secs
epoch: 49 ii: 92 trainloss: 0.13 timecost:2116.00 secs
epoch: 49 ii: 142 trainloss: 0.12 timecost:2124.21 secs
epoch: 49 meanloss: 0.12
Validation:
epoch: 49, numImages: 576 testloss: 0.26 mmae: 0.0507 fbeta: 0.7891 iou: 0.6215
(poly lr policy) learning rate:  0.000295751527325663
